16:43:56 **** Incremental Build of configuration Debug for project CANtest ****
make -j8 all 
arm-none-eabi-g++ "../Src/main.cpp" -mcpu=cortex-m3 -std=gnu++14 -g3 -DSTM32 -DSTM32F1 -DSTM32F103C8Tx -DDEBUG -c -I../Inc -O0 -ffunction-sections -fdata-sections -fno-exceptions -fno-rtti -fno-threadsafe-statics -fno-use-cxa-atexit -Wall -fstack-usage -MMD -MP -MF"Src/main.d" -MT"Src/main.o" --specs=nano.specs -mfloat-abi=soft -mthumb -o "Src/main.o"
arm-none-eabi-g++ -o "CANtest.elf" @"objects.list"   -mcpu=cortex-m3 -T"C:\Users\John\STM32CubeIDE\workspace_1.0.0\CANtest\STM32F103C8TX_FLASH.ld" --specs=nosys.specs -Wl,-Map="CANtest.map" -Wl,--gc-sections -static --specs=nano.specs -mfloat-abi=soft -mthumb -Wl,--start-group -lc -lm -lstdc++ -lsupc++ -Wl,--end-group
Finished building target: CANtest.elf
 
arm-none-eabi-objdump -h -S  CANtest.elf  > "CANtest.list"
arm-none-eabi-size   CANtest.elf 
   text	   data	    bss	    dec	    hex	filename
   1216	      8	   1568	   2792	    ae8	CANtest.elf
Finished building: default.size.stdout
 
Finished building: CANtest.list
 
16:50:34 **** Incremental Build of configuration Debug for project CANtest ****
make -j8 all 
arm-none-eabi-g++ "../Src/main.cpp" -mcpu=cortex-m3 -std=gnu++14 -g3 -DSTM32 -DSTM32F1 -DSTM32F103C8Tx -DDEBUG -c -I../Inc -O0 -ffunction-sections -fdata-sections -fno-exceptions -fno-rtti -fno-threadsafe-statics -fno-use-cxa-atexit -Wall -fstack-usage -MMD -MP -MF"Src/main.d" -MT"Src/main.o" --specs=nano.specs -mfloat-abi=soft -mthumb -o "Src/main.o"
arm-none-eabi-g++ -o "CANtest.elf" @"objects.list"   -mcpu=cortex-m3 -T"C:\Users\John\STM32CubeIDE\workspace_1.0.0\CANtest\STM32F103C8TX_FLASH.ld" --specs=nosys.specs -Wl,-Map="CANtest.map" -Wl,--gc-sections -static --specs=nano.specs -mfloat-abi=soft -mthumb -Wl,--start-group -lc -lm -lstdc++ -lsupc++ -Wl,--end-group
Finished building target: CANtest.elf
 
arm-none-eabi-objdump -h -S  CANtest.elf  > "CANtest.list"
arm-none-eabi-size   CANtest.elf 
   text	   data	    bss	    dec	    hex	filename
   1204	      8	   1568	   2780	    adc	CANtest.elf
Finished building: default.size.stdout
 
Finished building: CANtest.list
 
13:25:03 **** Incremental Build of configuration Debug for project CANtest ****
make -j8 all 
arm-none-eabi-g++ "../Src/main.cpp" -mcpu=cortex-m3 -std=gnu++14 -g3 -DSTM32 -DSTM32F1 -DSTM32F103C8Tx -DDEBUG -c -I../Inc -O0 -ffunction-sections -fdata-sections -fno-exceptions -fno-rtti -fno-threadsafe-statics -fno-use-cxa-atexit -Wall -fstack-usage -MMD -MP -MF"Src/main.d" -MT"Src/main.o" --specs=nano.specs -mfloat-abi=soft -mthumb -o "Src/main.o"
arm-none-eabi-g++ -o "CANtest.elf" @"objects.list"   -mcpu=cortex-m3 -T"C:\Users\John\STM32CubeIDE\workspace_1.0.0\CANtest\STM32F103C8TX_FLASH.ld" --specs=nosys.specs -Wl,-Map="CANtest.map" -Wl,--gc-sections -static --specs=nano.specs -mfloat-abi=soft -mthumb -Wl,--start-group -lc -lm -lstdc++ -lsupc++ -Wl,--end-group
Finished building target: CANtest.elf
 
arm-none-eabi-objdump -h -S  CANtest.elf  > "CANtest.list"
arm-none-eabi-size   CANtest.elf 
   text	   data	    bss	    dec	    hex	filename
   1216	      8	   1568	   2792	    ae8	CANtest.elf
Finished building: default.size.stdout
 
Finished building: CANtest.list
 
16:59:50 **** Incremental Build of configuration Debug for project CANtest ****
make -j8 all 
arm-none-eabi-g++ "../Src/main.cpp" -mcpu=cortex-m3 -std=gnu++14 -g3 -DSTM32 -DSTM32F1 -DSTM32F103C8Tx -DDEBUG -c -I../Inc -O0 -ffunction-sections -fdata-sections -fno-exceptions -fno-rtti -fno-threadsafe-statics -fno-use-cxa-atexit -Wall -fstack-usage -MMD -MP -MF"Src/main.d" -MT"Src/main.o" --specs=nano.specs -mfloat-abi=soft -mthumb -o "Src/main.o"
arm-none-eabi-g++ -o "CANtest.elf" @"objects.list"   -mcpu=cortex-m3 -T"C:\Users\John\STM32CubeIDE\workspace_1.0.0\CANtest\STM32F103C8TX_FLASH.ld" --specs=nosys.specs -Wl,-Map="CANtest.map" -Wl,--gc-sections -static --specs=nano.specs -mfloat-abi=soft -mthumb -Wl,--start-group -lc -lm -lstdc++ -lsupc++ -Wl,--end-group
Finished building target: CANtest.elf
 
arm-none-eabi-objdump -h -S  CANtest.elf  > "CANtest.list"
arm-none-eabi-size   CANtest.elf 
   text	   data	    bss	    dec	    hex	filename
   1216	      8	   1568	   2792	    ae8	CANtest.elf
Finished building: default.size.stdout
 
Finished building: CANtest.list
 
17:04:38 **** Incremental Build of configuration Debug for project CANtest ****
make -j8 all 
arm-none-eabi-g++ "../Src/main.cpp" -mcpu=cortex-m3 -std=gnu++14 -g3 -DSTM32 -DSTM32F1 -DSTM32F103C8Tx -DDEBUG -c -I../Inc -O0 -ffunction-sections -fdata-sections -fno-exceptions -fno-rtti -fno-threadsafe-statics -fno-use-cxa-atexit -Wall -fstack-usage -MMD -MP -MF"Src/main.d" -MT"Src/main.o" --specs=nano.specs -mfloat-abi=soft -mthumb -o "Src/main.o"
arm-none-eabi-g++ -o "CANtest.elf" @"objects.list"   -mcpu=cortex-m3 -T"C:\Users\John\STM32CubeIDE\workspace_1.0.0\CANtest\STM32F103C8TX_FLASH.ld" --specs=nosys.specs -Wl,-Map="CANtest.map" -Wl,--gc-sections -static --specs=nano.specs -mfloat-abi=soft -mthumb -Wl,--start-group -lc -lm -lstdc++ -lsupc++ -Wl,--end-group
Finished building target: CANtest.elf
 
arm-none-eabi-objdump -h -S  CANtest.elf  > "CANtest.list"
arm-none-eabi-size   CANtest.elf 
   text	   data	    bss	    dec	    hex	filename
   1220	      8	   1568	   2796	    aec	CANtest.elf
Finished building: default.size.stdout
 
Finished building: CANtest.list
 
17:04:46 **** Incremental Build of configuration Debug for project CANtest ****
make -j8 all 
arm-none-eabi-size   CANtest.elf 
   text	   data	    bss	    dec	    hex	filename
   1220	      8	   1568	   2796	    aec	CANtest.elf
Finished building: default.size.stdout
 
17:05:20 **** Incremental Build of configuration Debug for project CANtest ****
make -j8 all 
arm-none-eabi-g++ "../Src/main.cpp" -mcpu=cortex-m3 -std=gnu++14 -g3 -DSTM32 -DSTM32F1 -DSTM32F103C8Tx -DDEBUG -c -I../Inc -O0 -ffunction-sections -fdata-sections -fno-exceptions -fno-rtti -fno-threadsafe-statics -fno-use-cxa-atexit -Wall -fstack-usage -MMD -MP -MF"Src/main.d" -MT"Src/main.o" --specs=nano.specs -mfloat-abi=soft -mthumb -o "Src/main.o"
arm-none-eabi-g++ -o "CANtest.elf" @"objects.list"   -mcpu=cortex-m3 -T"C:\Users\John\STM32CubeIDE\workspace_1.0.0\CANtest\STM32F103C8TX_FLASH.ld" --specs=nosys.specs -Wl,-Map="CANtest.map" -Wl,--gc-sections -static --specs=nano.specs -mfloat-abi=soft -mthumb -Wl,--start-group -lc -lm -lstdc++ -lsupc++ -Wl,--end-group
Finished building target: CANtest.elf
 
arm-none-eabi-objdump -h -S  CANtest.elf  > "CANtest.list"
arm-none-eabi-size   CANtest.elf 
   text	   data	    bss	    dec	    hex	filename
   1216	      8	   1568	   2792	    ae8	CANtest.elf
Finished building: default.size.stdout
 
Finished building: CANtest.list
 
